// Jest Snapshot v1, https://goo.gl/fbAQLP

exports[`Body renders correctly 1`] = `
.c0 {
  color: #282828;
  font-size: 12px;
  line-height: 18px;
  margin: 0;
}

.c1 {
  font-weight: normal;
  font-family: Open Sans;
  color: #282828;
  white-space: pre-line;
}

<p
  className="c0 c1"
  color="#282828"
  fontSize={12}
  title="Body"
/>
`;
