// Jest Snapshot v1, https://goo.gl/fbAQLP

exports[`Heading renders correctly 1`] = `
.c0 {
  color: #282828;
  font-size: 16px;
  line-height: 16px;
  margin: 0;
}

.c1 {
  font-weight: normal;
  font-family: GothamNarrowLight;
  color: #282828;
}

<h1
  className="c0 c1"
  color="#282828"
  fontSize={16}
  title="Heading"
/>
`;
