// Jest Snapshot v1, https://goo.gl/fbAQLP

exports[`TitleHighlight renders correctly 1`] = `
.c0 {
  color: #282828;
  font-size: 120px;
  line-height: 120px;
  margin: 0;
}

.c1 {
  font-weight: bold;
  font-family: GothamNarrowUltra;
  color: #282828;
  -webkit-letter-spacing: 0.02em;
  -moz-letter-spacing: 0.02em;
  -ms-letter-spacing: 0.02em;
  letter-spacing: 0.02em;
  text-transform: uppercase;
}

.c2 {
  color: #282828;
  padding-right: 3%;
  background: linear-gradient(to bottom,transparent 68%,#57C8FF 68%);
  display: inline;
}

<h1
  className="c0 c1 c2"
  color="#282828"
  fontSize={120}
  title="TitleHighlight"
/>
`;
